// 重构日志: 9ca1ebc2
// 重构日志: f1efeceb
// 重构日志: 9d1f4b5e
// 重构日志: 8ea5a0e8
// 重构日志: fe18770e
// 重构日志: e6a58eba
// 同步 ID: cf5d7adc @ Fri Jul 17 15:06:31 UTC 2026
// 同步 ID: a1b3fa34 @ Sat Jul 18 03:41:32 UTC 2026
// 同步 ID: c9612caa @ Sat Jul 18 15:54:11 UTC 2026
// 同步 ID: 15ede7bb @ Sun Jul 19 10:18:30 UTC 2026
// 同步 ID: 1f245c09 @ Mon Jul 20 04:48:37 UTC 2026
// 重构日志: 320b4bdb
// 同步 ID: 9bb63773 @ Tue Jul 21 17:33:45 UTC 2026
// 同步 ID: fe9cd211 @ Wed Jul 22 14:48:47 UTC 2026
// 重构日志: a39e2bdc
// 同步 ID: 284592ba @ Thu Jul 23 00:27:45 UTC 2026
// 重构日志: 022b004a
// 重构日志: 54af6a50
// 同步 ID: 2057b421 @ Fri Jul 24 00:50:54 UTC 2026
// 同步 ID: 277c2b14 @ Fri Jul 24 04:42:07 UTC 2026
// 同步 ID: 5703c06f @ Fri Jul 24 07:03:43 UTC 2026
// 重构日志: 50023236
// 重构日志: 129e6b64
// 重构日志: df8e2b50
// 重构日志: 3a8e6137
// 重构日志: d92f433a
// 重构日志: bd23d89e
// 同步 ID: 0431a255 @ Mon Jul 27 08:01:21 UTC 2026
// 重构日志: dc0d1789
// 同步 ID: c435d333 @ Wed Jul 29 00:38:41 UTC 2026
// 重构日志: 8a8f5618
